
> schegent@0.1.0 test
> vitest run && npm --prefix webview-ui run test


 RUN  v3.2.4 /Users/hoalee1806/workspaces/personal_ws/schegent_dev/repo

 ❯ tests/lint/dual-release-boundary-doc.test.ts (5 tests | 5 failed) 4ms
   × dual release boundary documentation > keeps the release-boundary guide sections required by the PRD 2ms
     → ENOENT: no such file or directory, open '/Users/hoalee1806/workspaces/personal_ws/schegent_dev/docs/plans/dual-release-host-abstraction.md'
   × dual release boundary documentation > covers all boundary categories 0ms
     → ENOENT: no such file or directory, open '/Users/hoalee1806/workspaces/personal_ws/schegent_dev/docs/plans/dual-release-host-abstraction.md'
   × dual release boundary documentation > covers required shared contract families 0ms
     → ENOENT: no such file or directory, open '/Users/hoalee1806/workspaces/personal_ws/schegent_dev/docs/plans/dual-release-host-abstraction.md'
   × dual release boundary documentation > pins extension compatibility and no manual migration for this feature 0ms
     → ENOENT: no such file or directory, open '/Users/hoalee1806/workspaces/personal_ws/schegent_dev/docs/plans/dual-release-host-abstraction.md'
   × dual release boundary documentation > links the PRD to the release-boundary guide 0ms
     → ENOENT: no such file or directory, open '/Users/hoalee1806/workspaces/personal_ws/schegent_dev/docs/features/064-dual-release-host-abstraction.md'
 ❯ tests/lint/no-direct-vscode-webview-api.test.ts (2 tests | 1 failed) 23ms
   × Feature 065 — no direct VS Code webview API outside adapter > confines acquireVsCodeApi access to the VS Code transport adapter 14ms
     → Offending files referencing acquireVsCodeApi:
webview-ui/src/components/__tests__/QueueListView.idle-pending.test.ts
webview-ui/src/components/__tests__/QueueListView.migration-notice.test.ts
webview-ui/src/components/__tests__/QueueListView.running-enqueue.test.ts
webview-ui/src/lib/__tests__/phase-log-store.live-mode.test.ts: expected [ …(4) ] to deeply equal []
   ✓ Feature 065 — no direct VS Code webview API outside adapter > confines raw message event listeners to the VS Code transport adapter 8ms
 ✓ tests/lint/no-inline-reorder-ipc.test.ts (7 tests) 232ms
 ✓ tests/unit/services/phase-log/phase-log-reader.test.ts (12 tests) 85ms
 ✓ tests/unit/audit/retention.test.ts (2 tests) 232ms
 ✓ tests/unit/ui/sidebar/state-projector-v2.test.ts (24 tests) 87ms
 ✓ tests/unit/services/phase-log/phase-log-tail-registry.test.ts (11 tests) 92ms
 ✓ tests/lint/no-multi-queue-commands.test.ts (7 tests) 429ms
 ✓ tests/unit/contracts/generated-contracts.test.ts (5 tests) 361ms
   ✓ generated shared contract artifacts > are fresh relative to the source contract files  358ms
 ✓ tests/unit/audit/audit-log-writer.test.ts (10 tests) 61ms
 ✓ tests/unit/audit/raw-transcript-writer.test.ts (8 tests) 56ms
 ✓ tests/lint/no-direct-syslog-fs-writes.test.ts (4 tests) 165ms
 ✓ tests/unit/ui/sidebar/sanitization-audit.test.ts (4 tests) 321ms
 ✓ tests/unit/ui/sidebar/state-projector.test.ts (41 tests) 346ms
 ✓ tests/integration/breakpoint-end-to-end.test.ts (1 test) 174ms
 ✓ tests/integration/pause-resume-continue.test.ts (3 tests) 322ms
 ✓ tests/unit/ui/sidebar/audit-end-to-end.test.ts (2 tests) 417ms
 ✓ tests/unit/wakeup/platforms/systemd-user.test.ts (30 tests) 88ms
 ✓ tests/integration/delayed-retry.integration.test.ts (4 tests) 116ms
 ✓ tests/lint/no-legacy-setpaused.test.ts (3 tests) 735ms
   ✓ Feature 030 BUG-001 T056 (SC-008) — no legacy setPaused > production source outside queue-manager.ts performs no external `paused:` write to QueueState  575ms
 ✓ tests/integration/verbose-logging.test.ts (5 tests) 417ms
 ✓ tests/integration/phase-effort-override.test.ts (7 tests) 137ms
 ✓ tests/unit/headless/wakeup-runner-spawn-args.test.ts (8 tests) 112ms
 ✓ tests/unit/wakeup/daemon-manager.test.ts (19 tests) 47ms
 ✓ tests/unit/wakeup/invocation-log.test.ts (11 tests) 106ms
 ✓ tests/lint/no-inline-save-catalog.test.ts (4 tests) 128ms
 ✓ tests/integration/audit-tail-coldstart.test.ts (4 tests) 124ms
 ✓ tests/unit/audit/phase-start-payload.test.ts (13 tests) 94ms
 ✓ tests/unit/lib/runtime-log/runtime-log-sink-integration.test.ts (6 tests) 51ms
 ✓ tests/lint/no-inline-save-phases.test.ts (3 tests) 102ms
 ✓ tests/integration/bugfix-pipeline-end-to-end.test.ts (3 tests) 84ms
 ✓ tests/lint/no-inline-read-wakeup-session-log.test.ts (3 tests) 98ms
 ✓ tests/unit/runner/codex-cli.test.ts (11 tests) 119ms
 ✓ tests/unit/services/phase-log/phase-log-tail-session.test.ts (12 tests) 186ms
 ✓ tests/unit/controller/phase-runner.test.ts (51 tests) 210ms
 ✓ tests/integration/multi-root.test.ts (4 tests) 65ms
 ✓ tests/lint/no-inline-phase-control.test.ts (3 tests) 109ms
 ✓ tests/unit/audit/verbose-diagnostic-writer.test.ts (5 tests) 75ms
 ✓ tests/lint/no-inline-save-general-settings.test.ts (3 tests) 115ms
 ✓ tests/lint/no-direct-run-start.test.ts (3 tests) 140ms
 ✓ tests/lint/no-inline-phase-log-ipc.test.ts (4 tests) 157ms
 ✓ tests/lint/queue-lifecycle-literal-allowlist.test.ts (3 tests) 153ms
 ✓ tests/integration/bugfix-empty-feature-pointer.test.ts (1 test) 95ms
 ✓ tests/lint/no-inline-save-wakeup-settings.test.ts (3 tests) 113ms
 ✓ tests/unit/controller/phase-sidecar-reader.test.ts (15 tests) 132ms
 ✓ tests/integration/phase-log-end-to-end.test.ts (6 tests) 209ms
 ✓ tests/integration/wakeup/context-isolation.test.ts (2 tests) 99ms
 ✓ tests/lint/no-inline-reveal-wakeup-session-log.test.ts (3 tests) 93ms
 ✓ tests/unit/ui/sidebar/audit-tail-coldstart.test.ts (13 tests) 49ms
 ✓ tests/lint/no-as-queue-projection-cast.test.ts (4 tests) 80ms
 ✓ tests/integration/continue-flag-end-to-end.test.ts (1 test) 56ms
 ✓ tests/unit/controller/workflow-controller.test.ts (24 tests) 28ms
 ✓ tests/unit/ui/sidebar/html.test.ts (12 tests) 22ms
 ✓ tests/unit/services/phase-log/verbose-diagnostics-detector.test.ts (4 tests) 57ms
 ✓ tests/perf/render-budget.test.ts (3 tests) 58ms
 ✓ tests/integration/dynamic-pipelines.test.ts (2 tests) 163ms
 ❯ tests/perf/rate-limit-extractor.test.ts (3 tests | 1 failed) 153ms
   ✓ extractResetTimestamp — perf invariant (Feature 027 SC-007) > completes in <100ms on a 1MB adversarial buffer 8ms
   × extractResetTimestamp — perf invariant (Feature 027 SC-007) > completes in <100ms on a 10MB adversarial buffer (no catastrophic backtracking) 143ms
     → expected 105.29041700000016 to be less than 100
   ✓ extractResetTimestamp — perf invariant (Feature 027 SC-007) > never throws on adversarial input (hard invariant) 1ms
 ✓ tests/integration/standard-pipeline.test.ts (1 test) 153ms
 ✓ tests/integration/phase-log-on-disk-immutability.test.ts (1 test) 17ms
 ✓ tests/unit/wakeup/manual-trigger-model.test.ts (3 tests) 42ms
 ✓ tests/unit/audit/sanitize-listener.test.ts (2 tests) 13ms
 ✓ tests/unit/lib/logger-secret-patterns.property.test.ts (6 tests) 82ms
 ✓ tests/integration/wakeup-session-log.integration.test.ts (3 tests) 64ms
 ✓ tests/unit/wakeup/platforms/task-scheduler.test.ts (24 tests) 44ms
 ✓ tests/integration/rate-limit-dynamic-backoff.test.ts (5 tests) 102ms
 ✓ tests/unit/controller/delete-task-cleanup.test.ts (5 tests) 96ms
 ✓ tests/integration/trust-scopes-untrusted-workspace.test.ts (1 test) 50ms
 ✓ tests/unit/audit/task-reordered-event.test.ts (4 tests) 93ms
 ✓ tests/integration/cascaded-pause.test.ts (1 test) 148ms
 ✓ tests/unit/commands/open-dashboard.test.ts (10 tests) 7ms
 ✓ tests/lint/no-running-state-literal.test.ts (1 test) 79ms
 ✓ tests/lint/no-inline-phase-breakpoint-ipc.test.ts (2 tests) 78ms
 ✓ tests/integration/runtime-log-settings.test.ts (4 tests) 68ms
 ✓ tests/lint/message-router-trust-wiring.test.ts (2 tests) 73ms
 ✓ tests/unit/wakeup/platforms/launchd.test.ts (25 tests) 135ms
 ✓ tests/unit/wakeup/runner-cwd-defense.test.ts (5 tests) 78ms
 ✓ tests/lint/no-direct-first-workspace-folder.test.ts (2 tests) 76ms
 ✓ tests/unit/monitor/monitor-runner-bridge.test.ts (5 tests) 6ms
 ✓ tests/integration/retry-condition.test.ts (3 tests) 93ms
 ✓ tests/contract/continue-flag-argv-position.test.ts (10 tests) 107ms
 ✓ tests/integration/delete-task-cleanup.test.ts (2 tests) 200ms
 ✓ tests/unit/wakeup/session-log-writer-retention.test.ts (4 tests) 23ms
 ✓ tests/unit/controller/retry-phase-now.test.ts (6 tests) 51ms
 ✓ tests/unit/commands/clear-all.test.ts (7 tests) 2017ms
   ✓ runClearAll — failure-mode translation (T020) > runner no-ack: warns with CLEAN_ALL_RUNNER_STILL_PENDING_TOAST AND still emits one audit  2012ms
 ✓ tests/unit/services/phase-log/phase-log-iteration-discovery.test.ts (4 tests) 40ms
 ✓ tests/unit/contracts/sidebar-ipc-drift.test.ts (10 tests) 27ms
 ✓ tests/integration/single-queue-migration-v7.test.ts (7 tests) 28ms
 ✓ tests/lint/no-vscode-import-in-wakeup.test.ts (3 tests) 56ms
 ✓ tests/lint/no-vscode-import-in-telemetry.test.ts (3 tests) 55ms
 ✓ tests/unit/services/guarded-run-service.test.ts (21 tests) 82ms
 ✓ tests/unit/ui/sidebar/snapshot-breakpoint-projection.test.ts (6 tests) 68ms
 ✓ tests/unit/wakeup/activation.test.ts (10 tests) 74ms
 ✓ tests/unit/wakeup/manual-trigger.test.ts (1 test) 10ms
 ✓ tests/perf/load-catalog.test.ts (1 test) 58ms
 ✓ tests/integration/fatal-fail-fast.test.ts (1 test) 27ms
 ✓ tests/unit/wakeup/session-log-writer-append.test.ts (6 tests) 39ms
 ✓ tests/lint/no-vscode-import-in-headless.test.ts (3 tests) 40ms
 ✓ tests/unit/runner/claude-cli-prompt-transport.test.ts (20 tests) 54ms
 ✓ tests/integration/trust-scopes-trusted-workspace.test.ts (2 tests) 51ms
 ✓ tests/unit/ui/sidebar/commands/cmd-start-queue.test.ts (5 tests) 16ms
 ✓ tests/unit/ui/sidebar/html-nonce.test.ts (3 tests) 18ms
 ✓ tests/unit/wakeup/session-log-writer-lock-skip.test.ts (2 tests) 15ms
 ✓ tests/integration/single-queue-migration.test.ts (3 tests) 54ms
 ✓ tests/integration/clean-all-disk-integrity.test.ts (2 tests) 68ms
 ✓ tests/unit/audit/breakpoint-events.test.ts (5 tests) 120ms
 ✓ tests/unit/wakeup/session-projection-sanitization.test.ts (4 tests) 8ms
 ✓ tests/unit/lib/runtime-log/runtime-log-sink-mkdir.test.ts (6 tests) 6ms
 ✓ tests/parity/settings-defaults-parity.test.ts (10 tests) 27ms
 ✓ tests/unit/queue/queue-manager-single-queue.test.ts (13 tests) 7ms
 ✓ tests/unit/parser/rate-limit-reset-extractor.test.ts (39 tests) 26ms
 ✓ tests/lint/no-identity-less-cancel.test.ts (1 test) 38ms
 ✓ tests/unit/config/general-settings.test.ts (90 tests) 27ms
 ✓ tests/integration/confirm-suppression-roundtrip.test.ts (7 tests) 30ms
 ✓ tests/unit/queue/clear-all-no-cross-contamination.test.ts (6 tests) 8ms
 ✓ tests/unit/wakeup/session-log-writer-missing-file.test.ts (4 tests) 13ms
 ✓ tests/integration/enqueue-start-separation.us1-already-running.test.ts (1 test) 9ms
 ✓ tests/unit/wakeup/invocation-record-correlation.test.ts (7 tests) 18ms
 ✓ tests/integration/audit-log-trust-events.test.ts (2 tests) 22ms
 ✓ tests/unit/controller/delayed-retry.test.ts (5 tests) 15ms
 ✓ tests/unit/lib/runtime-log/runtime-log-sink.test.ts (12 tests) 8ms
 ✓ tests/lint/no-html-interpolation-in-activity-feed.test.ts (1 test) 29ms
 ✓ tests/unit/services/session-cleanup/session-cleanup-service.test.ts (7 tests) 45ms
 ✓ tests/integration/trust-scopes-webview-projection.test.ts (4 tests) 46ms
 ✓ tests/unit/wakeup/session-log-reader.test.ts (7 tests) 14ms
 ✓ tests/unit/contracts/snapshot-confirm-suppression-projection.test.ts (5 tests) 19ms
 ✓ tests/integration/scheduled-start-offline-elapsed.test.ts (3 tests) 10ms
 ✓ tests/integration/reset-workspace-clears-suppression.test.ts (5 tests) 21ms
 ✓ tests/unit/queue/queue-manager.test.ts (55 tests) 30ms
 ✓ tests/unit/controller/workflow-controller-continue-flag.test.ts (10 tests) 62ms
 ✓ tests/unit/controller/retry-handler.test.ts (15 tests) 11ms
 ✓ tests/unit/ui/sidebar/message-router.test.ts (35 tests) 14ms
 ✓ tests/unit/wakeup/schedule-spec.test.ts (10 tests) 7ms
 ✓ tests/unit/controller/workflow-controller-dynamic-backoff.test.ts (16 tests) 112ms
 ✓ tests/unit/config/settings-schema-validation.test.ts (7 tests) 8ms
 ✓ tests/unit/runner/claude-cli.test.ts (13 tests) 41ms
 ✓ tests/unit/ui/sidebar/projector-parity.test.ts (2 tests) 4ms
 ✓ tests/unit/telemetry/telemetry-sampler.test.ts (10 tests) 33ms
 ✓ tests/unit/controller/phase-runner-truncation.test.ts (6 tests) 15ms
 ✓ tests/unit/commands/cancel.test.ts (9 tests) 11ms
 ✓ tests/unit/ui/sidebar/save-commands-primary-gate.test.ts (4 tests) 7ms
 ✓ tests/integration/enqueue-start-separation.us2.test.ts (5 tests) 15ms
 ✓ tests/integration/retry-cap-rate-limit-restore.test.ts (10 tests) 39ms
 ✓ tests/unit/ui/sidebar/csp-end-to-end.test.ts (6 tests) 41ms
 ✓ tests/integration/enqueue-start-separation.us3-pause-cancel.test.ts (3 tests) 12ms
 ✓ tests/unit/ui/status-bar.test.ts (10 tests) 5ms
 ✓ tests/unit/ui/sidebar/commands/cmd-save-phases.test.ts (8 tests) 8ms
 ✓ tests/unit/audit-events/event-classification.test.ts (6 tests) 10ms
 ✓ tests/unit/wakeup/save-handler.test.ts (18 tests) 6ms
 ✓ tests/unit/controller/workflow-controller-breakpoint.test.ts (12 tests) 11ms
 ✓ tests/integration/queue-manager-clear-all.test.ts (9 tests) 10ms
 ✓ tests/unit/controller/phase-runner-breakpoint.test.ts (7 tests) 15ms
 ✓ tests/unit/contracts/sidebar-ipc-start-intent.test.ts (43 tests) 9ms
 ✓ tests/lint/no-inline-queue-item-template.test.ts (3 tests) 10ms
 ✓ tests/integration/reorder-global-index.test.ts (6 tests) 9ms
 ✓ tests/unit/ui/sidebar/multi-window-equivalence.test.ts (4 tests) 33ms
 ✓ tests/integration/scheduled-start-fire-indicator.test.ts (5 tests) 20ms
 ✓ tests/unit/lib/fatal-signatures-merge.test.ts (18 tests) 4ms
 ✓ tests/unit/lib/runtime-log/rotation.test.ts (7 tests) 15ms
 ✓ tests/unit/state/lock.test.ts (31 tests) 8ms
 ✓ tests/unit/controller/schedule-watchdog.test.ts (4 tests) 5ms
 ✓ tests/unit/runner/claude-cli-buffer-truncation.test.ts (5 tests) 11ms
 ✓ tests/unit/wakeup/runner-runtime.test.ts (14 tests) 7ms
 ✓ tests/integration/enqueue-start-separation.us1.test.ts (8 tests) 20ms
 ✓ tests/unit/queue/auto-drain.test.ts (5 tests) 4ms
 ✓ tests/unit/ui/sidebar/telemetry-projection.test.ts (10 tests) 7ms
 ✓ tests/unit/ui/sidebar/ipc-validator.test.ts (30 tests) 7ms
 ✓ tests/integration/enqueue-start-separation.us3.test.ts (4 tests) 10ms
 ✓ tests/unit/ui/dashboard/dashboard-panel.test.ts (10 tests) 8ms
 ✓ tests/unit/controller/audit-parity.test.ts (5 tests) 12ms
 ✓ tests/unit/lib/retry-condition.test.ts (57 tests) 7ms
 ✓ tests/unit/ui/sidebar/audit-tail-projector.test.ts (25 tests) 4ms
 ✓ tests/unit/state/workspace-state-v6-roundtrip.test.ts (4 tests) 4ms
 ✓ tests/unit/extension/configuration-access.test.ts (3 tests) 16ms
 ✓ tests/unit/extension/activate.test.ts (7 tests) 18ms
 ✓ tests/integration/queue-pause-selection-stability.test.ts (4 tests) 14ms
 ✓ tests/unit/state/workspace-state.test.ts (24 tests) 38ms
 ✓ tests/unit/queue/queue-registry-pause-source.test.ts (18 tests) 23ms
 ✓ tests/unit/ui/sidebar/commands/cmd-save-phases-validation.test.ts (9 tests) 10ms
 ✓ tests/lint/mutating-command-name-gate.test.ts (3 tests) 3ms
 ✓ tests/unit/state/restart-hydration.test.ts (4 tests) 11ms
 ✓ tests/unit/ui/sidebar/commands/cmd-save-pipelines-validation.test.ts (10 tests) 6ms
 ✓ tests/contract/save-phases-effort-model.test.ts (6 tests) 7ms
 ✓ tests/unit/lib/runtime-log/runtime-log-settings.test.ts (15 tests) 9ms
 ✓ tests/unit/state/queue-state-migrator-v7.test.ts (10 tests) 4ms
 ✓ tests/unit/controller/phase-retry-evaluator.test.ts (10 tests) 8ms
 ✓ tests/unit/services/auto-drain-coordinator.test.ts (9 tests) 5ms
 ✓ tests/integration/enqueue-start-separation.horizon-zero-persisted.test.ts (3 tests) 17ms
 ✓ tests/unit/monitor/monitor-event.test.ts (6 tests) 3ms
 ✓ tests/unit/watchdog/credit-watchdog.test.ts (8 tests) 12ms
 ✓ tests/unit/ui/sidebar/duration.test.ts (7 tests) 15ms
 ✓ tests/integration/enqueue-start-separation.multi-window.test.ts (2 tests) 33ms
 ✓ tests/unit/lib/logger.test.ts (45 tests) 15ms
 ✓ tests/unit/ui/sidebar/messages.test.ts (3 tests) 3ms
 ✓ tests/unit/state/history-store.test.ts (4 tests) 7ms
 ✓ tests/integration/reorder-via-ipc.test.ts (5 tests) 40ms
 ✓ tests/integration/crash-recovery.integration.test.ts (5 tests) 4ms
 ✓ tests/unit/parser/stdout-parser-out-of-credits.test.ts (3 tests) 3ms
 ✓ tests/lint/phase-runner-loc-budget.test.ts (4 tests) 2ms
 ✓ tests/unit/state/workflow-run-migrator.test.ts (13 tests) 5ms
 ✓ tests/unit/engine/shared-engine-boundary.test.ts (7 tests) 6ms
 ✓ tests/unit/contracts/trust-capability-denied-event.test.ts (13 tests) 6ms
 ✓ tests/unit/controller/rate-limit-backoff.test.ts (21 tests) 5ms
 ✓ tests/integration/enqueue-start-separation.us5.test.ts (3 tests) 16ms
 ✓ tests/unit/queue/queue-concurrency-cap-pinned.test.ts (8 tests) 15ms
 ✓ tests/unit/telemetry/platform-ps-parser.test.ts (19 tests) 6ms
 ✓ tests/integration/enqueue-start-separation.us4.test.ts (3 tests) 24ms
 ✓ tests/unit/extension/multi-root-activation-warning.test.ts (9 tests) 7ms
 ✓ tests/unit/config/pipeline-config-loader.test.ts (14 tests) 20ms
 ✓ tests/unit/config/pipeline-config.test.ts (47 tests) 8ms
 ✓ tests/unit/parser/stdout-parser-blocks.test.ts (23 tests) 16ms
 ✓ tests/unit/host-services/vscode-host-services.test.ts (7 tests) 11ms
 ✓ tests/integration/queue-mutations.test.ts (4 tests) 9ms
 ✓ tests/unit/ui/sidebar/pause-reason-projection.test.ts (12 tests) 5ms
 ✓ tests/integration/enqueue-start-separation.chooser-no-stack.test.ts (3 tests) 11ms
 ✓ tests/unit/commands/restart-canceled-task.test.ts (5 tests) 7ms
 ✓ tests/unit/ui/sidebar/message-router-instrumentation.test.ts (8 tests) 10ms
 ✓ tests/unit/lib/fatal-signature-registry.test.ts (8 tests) 4ms
 ✓ tests/unit/state/migrate-v4-to-v5.test.ts (19 tests) 10ms
 ✓ tests/unit/controller/aggressive-pause.test.ts (5 tests) 8ms
 ✓ tests/unit/ui/sidebar/task-removed-audit.test.ts (5 tests) 8ms
 ✓ tests/integration/sequential-execution.test.ts (3 tests) 17ms
 ✓ tests/unit/runner/prompt-builder.test.ts (15 tests) 4ms
 ✓ tests/unit/lib/schedule-parser.test.ts (17 tests) 31ms
 ✓ tests/unit/parser/transient-error.test.ts (7 tests) 5ms
 ✓ tests/unit/state/capability-trust-resolver.test.ts (63 tests) 13ms
 ✓ tests/integration/fatal-signatures.integration.test.ts (8 tests) 5ms
 ✓ tests/unit/lib/auto-compact-override.test.ts (17 tests) 8ms
 ✓ tests/unit/wakeup/platforms/cron.test.ts (27 tests) 9ms
 ✓ tests/unit/parser/audit-log-parser.test.ts (24 tests) 31ms
 ✓ tests/unit/parser/stdout-parser-token.test.ts (13 tests) 3ms
 ✓ tests/unit/state/workflow-run-invariants.test.ts (19 tests) 9ms
 ✓ tests/unit/config/settings-schema-validator.test.ts (7 tests) 18ms
 ✓ tests/unit/controller/workflow-controller-cascade.test.ts (4 tests) 12ms
 ✓ tests/unit/config/phase-precedence.test.ts (12 tests) 7ms
 ✓ tests/perf/activity-feed-render.test.ts (1 test) 43ms
 ✓ tests/unit/queue/queue-registry-single-queue.test.ts (9 tests) 4ms
 ✓ tests/integration/dashboard-render.test.ts (6 tests) 35ms
 ✓ tests/unit/commands/rerun-from-history.test.ts (8 tests) 7ms
 ✓ tests/unit/monitor/claude-cli-monitor.test.ts (15 tests) 8ms
 ✓ tests/unit/ui/sidebar/snapshot-wakeup-model-and-path.test.ts (8 tests) 4ms
 ✓ tests/unit/controller/retry-cap-configured.test.ts (10 tests) 17ms
 ✓ tests/unit/controller/phase.test.ts (18 tests) 9ms
 ✓ tests/unit/ui/sidebar/general-settings-router.test.ts (10 tests) 9ms
 ✓ tests/unit/state/state-projector-trust.test.ts (5 tests) 50ms
 ✓ tests/integration/enqueue-start-separation.offline-window-close.test.ts (1 test) 6ms
 ✓ tests/unit/ui/sidebar/freshness.test.ts (11 tests) 3ms
 ✓ tests/unit/audit/verbose-diagnostic-path.test.ts (40 tests) 15ms
 ✓ tests/unit/ui/sidebar/message-router-read-wakeup-session-log.test.ts (7 tests) 6ms
 ✓ tests/unit/queue/queue-manager-instrumentation.test.ts (3 tests) 6ms
 ✓ tests/unit/controller/phase-sequencer.test.ts (25 tests) 6ms
 ✓ tests/unit/parser/credit-error-detector.test.ts (36 tests) 5ms
 ✓ tests/unit/queue/queue-registry.test.ts (19 tests) 13ms
 ✓ tests/integration/reorder-rejection.test.ts (4 tests) 6ms
 ✓ tests/unit/state/workspace-state-confirm-suppression.test.ts (11 tests) 5ms
 ✓ tests/unit/wakeup/settings-model-field.test.ts (12 tests) 4ms
 ✓ tests/integration/retry-cap-resume-recovery.test.ts (3 tests) 6ms
 ✓ tests/unit/lib/runtime-log/runtime-log-path.test.ts (37 tests) 6ms
 ✓ tests/unit/controller/restart-resume.test.ts (4 tests) 7ms
 ✓ tests/unit/contracts/runtime-validators.phase-log.test.ts (27 tests) 5ms
 ✓ tests/unit/lib/operator-attribution.test.ts (3 tests) 3ms
 ✓ tests/unit/runner/claude-cli-continue-flag.test.ts (7 tests) 15ms
 ✓ tests/unit/parser/audit-log-parser-monitor.test.ts (9 tests) 4ms
 ✓ tests/unit/queue/queue-lifecycle.test.ts (11 tests) 3ms
 ✓ tests/unit/state/queue-state-migrator-v5-to-v6.test.ts (8 tests) 5ms
 ✓ tests/unit/ui/dashboard/dashboard-csp.test.ts (2 tests) 3ms
 ✓ tests/integration/enqueue-start-separation.lock-unavailable.test.ts (1 test) 5ms
 ✓ tests/unit/wakeup/settings.test.ts (14 tests) 6ms
 ✓ tests/unit/ui/output-channel.test.ts (5 tests) 5ms
 ✓ tests/lint/agents-claude-parity.test.ts (3 tests) 3ms
 ✓ tests/unit/build/release-gate.test.ts (6 tests) 7ms
 ✓ tests/unit/services/history-recorder.test.ts (3 tests) 5ms
 ✓ tests/lint/source-loc-budget.test.ts (10 tests) 4ms
 ✓ tests/unit/ui/sidebar/snapshot.test.ts (6 tests) 4ms
 ✓ tests/unit/ui/sidebar/commands/cmd-save-pipelines.test.ts (4 tests) 20ms
 ✓ tests/lint/no-tryAutoDrain-doc-references.test.ts (1 test) 5ms
 ✓ tests/unit/wakeup/session-capture-ring.test.ts (5 tests) 4ms
 ✓ tests/integration/settings-surface.integration.test.ts (5 tests) 4ms
 ✓ tests/unit/config/settings-schema-parity.test.ts (11 tests) 4ms
 ✓ tests/unit/controller/phase-runner-outcome.test.ts (2 tests) 4ms
 ✓ tests/unit/wakeup/runner-env-scrub.test.ts (11 tests) 4ms
 ✓ tests/lint/destructive-actions.lint.test.ts (5 tests) 2ms
 ✓ tests/unit/controller/phase-outcome-mapper.test.ts (27 tests) 24ms
 ✓ tests/unit/ui/sidebar/sidebar-view-provider.test.ts (2 tests) 3ms
 ✓ tests/unit/services/phase-log/phase-log-display-projector.test.ts (13 tests) 4ms
 ✓ tests/unit/parser/stdout-parser-rate-limited.test.ts (7 tests) 7ms
 ✓ tests/unit/state/queue-state-migrator.test.ts (6 tests) 4ms
 ✓ tests/unit/lib/runtime-log/runtime-log-level.test.ts (32 tests) 3ms
 ✓ tests/unit/state/workspace-folder-picker.test.ts (9 tests) 4ms
 ✓ tests/lint/no-duplicate-ipc-validators.test.ts (4 tests) 4ms
 ✓ tests/unit/state/history-entry.test.ts (7 tests) 3ms
 ✓ tests/parity/retry-condition-parity.test.ts (2 tests) 3ms
 ✓ tests/lint/queue-projection-ordered-items-required.test.ts (4 tests) 2ms
 ✓ tests/unit/wakeup/save-handler-model.test.ts (7 tests) 4ms
 ✓ tests/unit/contracts/sidebar-ipc-feature-063.test.ts (13 tests) 3ms
 ✓ tests/unit/parser/outcome-precedence.test.ts (8 tests) 14ms
 ✓ tests/unit/runner/backend-runner-factory.test.ts (9 tests) 4ms
 ✓ tests/unit/ui/sidebar/message-router-phase-log.test.ts (6 tests) 3ms
 ✓ tests/unit/state/workspace-state-pause-reconcile.test.ts (5 tests) 7ms
 ✓ tests/unit/ui/sidebar/bundle-content.test.ts (3 tests) 6ms
 ✓ tests/unit/parser/audit-log-parser-v7-events.test.ts (13 tests) 3ms
 ✓ tests/unit/services/phase-log/phase-log-jsonl-parser.test.ts (6 tests) 3ms
 ✓ tests/unit/contracts/queue-cleared-all-audit-event.test.ts (7 tests) 4ms
 ✓ tests/unit/ui/sidebar/queue-projector.test.ts (5 tests) 5ms
 ✓ tests/unit/services/phase-log/phase-log-path.test.ts (11 tests) 19ms
 ✓ tests/unit/ui/sidebar/bundle-size.test.ts (7 tests) 3ms
 ✓ tests/unit/queue/feature-request.test.ts (6 tests) 3ms
 ✓ tests/unit/telemetry/platform-windows-parser.test.ts (13 tests) 5ms
 ✓ tests/unit/ui/sidebar/csp.test.ts (4 tests) 6ms
 ✓ tests/unit/contracts/multi-root-audit-event.test.ts (4 tests) 2ms
 ✓ tests/lint/readme-command-parity.test.ts (1 test) 2ms
 ✓ tests/unit/services/phase-log/phase-log-truncator.test.ts (6 tests) 2ms
 ✓ tests/unit/wakeup/audit-payload-shape.test.ts (9 tests) 4ms
 ✓ tests/unit/wakeup/platform-detect.test.ts (6 tests) 9ms
 ✓ tests/lint/threat-id-anchor-parity.test.ts (3 tests) 3ms
 ✓ tests/unit/audit/audit-entry.test.ts (2 tests) 2ms
 ✓ tests/unit/audit-events/schedule-event-classification.test.ts (4 tests) 2ms
 ✓ tests/unit/ui/sidebar/format-duration-parity.test.ts (2 tests) 2ms
 ✓ tests/lint/no-module-level-for-testing-seams.test.ts (4 tests) 3ms
 ✓ tests/unit/controller/phase-run-inputs-shape.test.ts (3 tests) 1ms
 ✓ tests/unit/parser/invocation-usage.test.ts (3 tests) 2ms
 ✓ tests/lint/architecture-md-parity.test.ts (2 tests) 2ms
 ✓ tests/parity/fatal-signatures-parity.test.ts (4 tests) 2ms
 ✓ tests/unit/ui/sidebar/snapshot-telemetry-shape.test.ts (3 tests) 2ms
 ✓ tests/unit/lib/audit-event-envelope.test.ts (2 tests) 2ms
 ✓ tests/unit/runner/invocation-request-shape.test.ts (3 tests) 2ms
 ✓ tests/unit/ui/sidebar/mutating-commands-pinned-list.test.ts (4 tests) 2ms
 ✓ tests/unit/contracts/backend-runner.test.ts (2 tests) 2ms
 ✓ tests/unit/contracts/sidebar-ipc-removed-commands.test.ts (4 tests) 4ms
 ✓ tests/unit/contracts/sidebar-command-metadata.test.ts (3 tests) 2ms
 ↓ tests/integration/wakeup/lifecycle.test.ts (2 tests | 2 skipped)
 ↓ tests/integration/wakeup/uninstall-lifecycle.test.ts (3 tests | 3 skipped)
 ✓ tests/lint/no-mutating-on-phase-log-commands.test.ts (3 tests) 2ms

 Test Files  3 failed | 327 passed | 2 skipped (332)
      Tests  7 failed | 3038 passed | 5 skipped (3050)
   Start at  22:58:47
   Duration  6.42s (transform 6.08s, setup 0ms, collect 26.16s, tests 16.09s, environment 53ms, prepare 15.99s)

